PPT Anim : historique des versions
==================================
La version la plus récente est en haut. Le numéro est celui de package.json.

0.3.1 (2026-10-06)
------------------
Présentations de plusieurs diapos.
- La diapo et la zone de texte sont retrouvées automatiquement en comparant l'image aux textes de
  toutes les diapos ; le choix proposé est affiché et reste modifiable.
- Message explicite quand aucune zone ne correspond, ou quand plusieurs correspondent.
- La liste des diapos montre le début du texte de chacune.
- Correction : déposer les deux fichiers en même temps pouvait faire perdre l'image.
- Le fichier produit ne contient plus d'entrées « dossier » ajoutées ; seule la diapo visée est modifiée.

0.3.0 (2026-10-04)
------------------
Nouvel effet : emoji qui pousse.
- 1 à 3 séries de 1 à 3 emoji ; pour chaque lettre, une série est tirée au hasard. L'emoji part de très
  petit, grandit depuis le bas de la ligne, passe d'un emoji au suivant en fondu, puis se fond dans la
  lettre. Taille identique pour toute une ligne.
- Durée de chaque lettre tirée selon une moyenne et un écart-type ; durée totale exacte, dont découle
  le nombre d'animations simultanées (affiché).
- Ordre réglable à trois niveaux : lignes, mots, lettres (dans l'ordre ou aléatoire). Bouton
  « Nouveau tirage ».
- Les emoji sont rangés hors de la diapo et amenés par l'animation : la diapo reste propre hors
  diaporama (édition, impression, PDF).
- Choix du regroupement des animations dans PowerPoint : une par image, entrée et sortie séparées,
  ou une seule pour tout (expérimental, à valider dans PowerPoint).
- Un même emoji n'est enregistré qu'une fois dans le fichier, quel que soit le nombre de lettres.

0.2.1 (2026-10-04)
------------------
- Vocabulaire : « zone de texte » remplace « forme » dans tous les libellés et messages.
- Bouton « Aide » : les 4 étapes illustrées, dans une fenêtre qui s'ouvre à la demande.
- Champs de l'étape 1 réordonnés : présentation, diapo, zone de texte, image de cette zone.

0.2.0 (2026-10-04)
------------------
Première version publiée dans ce dépôt : l'application devient une PWA hébergée sur GitHub Pages.
- Application web installable : manifeste (start_url et scope sur /pptanim/), icônes 192, 512 et
  maskable, bouton « Installer ».
- Service worker : mise en cache de toute l'application, fonctionnement hors ligne, avis
  « nouvelle version » avec rechargement.
- Publication automatique par GitHub Actions à chaque push sur main (.github/workflows/pages.yml).
- Build sans dépendance (scripts/build.mjs) qui contrôle les chemins : tout est relatif, rien ne
  suppose la racine du domaine.
- Fichiers acceptés par dépôt sur la page et image de la forme par collage (Ctrl+V).
- Le complément PowerPoint passe par une page dédiée (taskpane.html) ; l'application web ne charge
  plus office.js.
- Les images créées dans la diapo s'appellent désormais « PPTAnim … » (auparavant « TextAnim … »).

0.1.0 (2026-10-04)
------------------
Prototype livré hors dépôt (patch-v01.zip).
- Découpage de l'image d'une zone de texte en lettres, mots et lignes, vérifié mot par mot contre le
  texte de la forme.
- Effet scrambler (ordonner, mélanger) par lettre, mot ou ligne, dans l'ordre ou aléatoire, avec
  aperçu.
- Écriture des animations PowerPoint natives dans le .pptx, à la suite des animations existantes.
- Deux modes : fichier (pptx + image PNG) et complément PowerPoint.
